Archive member included to satisfy reference by file (symbol)

/home/brianmoser/st/stm32cubeide_2.1.1/plugins/com.st.stm32cube.ide.mcu.externaltools.gnu-tools-for-stm32.14.3.rel1.linux64_1.0.100.202602081740/tools/bin/../lib/gcc/arm-none-eabi/14.3.1/../../../../arm-none-eabi/lib/thumb/v7e-m/nofp/libc_nano.a(libc_a-exit.o)
                              /home/brianmoser/st/stm32cubeide_2.1.1/plugins/com.st.stm32cube.ide.mcu.externaltools.gnu-tools-for-stm32.14.3.rel1.linux64_1.0.100.202602081740/tools/bin/../lib/gcc/arm-none-eabi/14.3.1/../../../../arm-none-eabi/lib/thumb/v7e-m/nofp/crt0.o (exit)
/home/brianmoser/st/stm32cubeide_2.1.1/plugins/com.st.stm32cube.ide.mcu.externaltools.gnu-tools-for-stm32.14.3.rel1.linux64_1.0.100.202602081740/tools/bin/../lib/gcc/arm-none-eabi/14.3.1/../../../../arm-none-eabi/lib/thumb/v7e-m/nofp/libc_nano.a(libc_a-findfp.o)
                              /home/brianmoser/st/stm32cubeide_2.1.1/plugins/com.st.stm32cube.ide.mcu.externaltools.gnu-tools-for-stm32.14.3.rel1.linux64_1.0.100.202602081740/tools/bin/../lib/gcc/arm-none-eabi/14.3.1/../../../../arm-none-eabi/lib/thumb/v7e-m/nofp/libc_nano.a(libc_a-exit.o) (__stdio_exit_handler)
/home/brianmoser/st/stm32cubeide_2.1.1/plugins/com.st.stm32cube.ide.mcu.externaltools.gnu-tools-for-stm32.14.3.rel1.linux64_1.0.100.202602081740/tools/bin/../lib/gcc/arm-none-eabi/14.3.1/../../../../arm-none-eabi/lib/thumb/v7e-m/nofp/libc_nano.a(libc_a-fwalk.o)
                              /home/brianmoser/st/stm32cubeide_2.1.1/plugins/com.st.stm32cube.ide.mcu.externaltools.gnu-tools-for-stm32.14.3.rel1.linux64_1.0.100.202602081740/tools/bin/../lib/gcc/arm-none-eabi/14.3.1/../../../../arm-none-eabi/lib/thumb/v7e-m/nofp/libc_nano.a(libc_a-findfp.o) (_fwalk_sglue)
/home/brianmoser/st/stm32cubeide_2.1.1/plugins/com.st.stm32cube.ide.mcu.externaltools.gnu-tools-for-stm32.14.3.rel1.linux64_1.0.100.202602081740/tools/bin/../lib/gcc/arm-none-eabi/14.3.1/../../../../arm-none-eabi/lib/thumb/v7e-m/nofp/libc_nano.a(libc_a-puts.o)
                              ./Core/Src/main.o (puts)
/home/brianmoser/st/stm32cubeide_2.1.1/plugins/com.st.stm32cube.ide.mcu.externaltools.gnu-tools-for-stm32.14.3.rel1.linux64_1.0.100.202602081740/tools/bin/../lib/gcc/arm-none-eabi/14.3.1/../../../../arm-none-eabi/lib/thumb/v7e-m/nofp/libc_nano.a(libc_a-stdio.o)
                              /home/brianmoser/st/stm32cubeide_2.1.1/plugins/com.st.stm32cube.ide.mcu.externaltools.gnu-tools-for-stm32.14.3.rel1.linux64_1.0.100.202602081740/tools/bin/../lib/gcc/arm-none-eabi/14.3.1/../../../../arm-none-eabi/lib/thumb/v7e-m/nofp/libc_nano.a(libc_a-findfp.o) (__sread)
/home/brianmoser/st/stm32cubeide_2.1.1/plugins/com.st.stm32cube.ide.mcu.externaltools.gnu-tools-for-stm32.14.3.rel1.linux64_1.0.100.202602081740/tools/bin/../lib/gcc/arm-none-eabi/14.3.1/../../../../arm-none-eabi/lib/thumb/v7e-m/nofp/libc_nano.a(libc_a-wbuf.o)
                              /home/brianmoser/st/stm32cubeide_2.1.1/plugins/com.st.stm32cube.ide.mcu.externaltools.gnu-tools-for-stm32.14.3.rel1.linux64_1.0.100.202602081740/tools/bin/../lib/gcc/arm-none-eabi/14.3.1/../../../../arm-none-eabi/lib/thumb/v7e-m/nofp/libc_nano.a(libc_a-puts.o) (__swbuf_r)
/home/brianmoser/st/stm32cubeide_2.1.1/plugins/com.st.stm32cube.ide.mcu.externaltools.gnu-tools-for-stm32.14.3.rel1.linux64_1.0.100.202602081740/tools/bin/../lib/gcc/arm-none-eabi/14.3.1/../../../../arm-none-eabi/lib/thumb/v7e-m/nofp/libc_nano.a(libc_a-wsetup.o)
                              /home/brianmoser/st/stm32cubeide_2.1.1/plugins/com.st.stm32cube.ide.mcu.externaltools.gnu-tools-for-stm32.14.3.rel1.linux64_1.0.100.202602081740/tools/bin/../lib/gcc/arm-none-eabi/14.3.1/../../../../arm-none-eabi/lib/thumb/v7e-m/nofp/libc_nano.a(libc_a-puts.o) (__swsetup_r)
/home/brianmoser/st/stm32cubeide_2.1.1/plugins/com.st.stm32cube.ide.mcu.externaltools.gnu-tools-for-stm32.14.3.rel1.linux64_1.0.100.202602081740/tools/bin/../lib/gcc/arm-none-eabi/14.3.1/../../../../arm-none-eabi/lib/thumb/v7e-m/nofp/libc_nano.a(libc_a-memset.o)
                              /home/brianmoser/st/stm32cubeide_2.1.1/plugins/com.st.stm32cube.ide.mcu.externaltools.gnu-tools-for-stm32.14.3.rel1.linux64_1.0.100.202602081740/tools/bin/../lib/gcc/arm-none-eabi/14.3.1/../../../../arm-none-eabi/lib/thumb/v7e-m/nofp/crt0.o (memset)
/home/brianmoser/st/stm32cubeide_2.1.1/plugins/com.st.stm32cube.ide.mcu.externaltools.gnu-tools-for-stm32.14.3.rel1.linux64_1.0.100.202602081740/tools/bin/../lib/gcc/arm-none-eabi/14.3.1/../../../../arm-none-eabi/lib/thumb/v7e-m/nofp/libc_nano.a(libc_a-closer.o)
                              /home/brianmoser/st/stm32cubeide_2.1.1/plugins/com.st.stm32cube.ide.mcu.externaltools.gnu-tools-for-stm32.14.3.rel1.linux64_1.0.100.202602081740/tools/bin/../lib/gcc/arm-none-eabi/14.3.1/../../../../arm-none-eabi/lib/thumb/v7e-m/nofp/libc_nano.a(libc_a-stdio.o) (_close_r)
[...]
Memory Configuration

Name             Origin             Length             Attributes
CCMRAM           0x10000000         0x00010000         xrw
RAM              0x20000000         0x00020000         xrw
FLASH            0x08000000         0x00100000         xr
*default*        0x00000000         0xffffffff

Linker script and memory map

LOAD /home/brianmoser/st/stm32cubeide_2.1.1/plugins/com.st.stm32cube.ide.mcu.externaltools.gnu-tools-for-stm32.14.3.rel1.linux64_1.0.100.202602081740/tools/bin/../lib/gcc/arm-none-eabi/14.3.1/thumb/v7e-m/nofp/crti.o
LOAD /home/brianmoser/st/stm32cubeide_2.1.1/plugins/com.st.stm32cube.ide.mcu.externaltools.gnu-tools-for-stm32.14.3.rel1.linux64_1.0.100.202602081740/tools/bin/../lib/gcc/arm-none-eabi/14.3.1/thumb/v7e-m/nofp/crtbegin.o
LOAD /home/brianmoser/st/stm32cubeide_2.1.1/plugins/com.st.stm32cube.ide.mcu.externaltools.gnu-tools-for-stm32.14.3.rel1.linux64_1.0.100.202602081740/tools/bin/../lib/gcc/arm-none-eabi/14.3.1/../../../../arm-none-eabi/lib/thumb/v7e-m/nofp/crt0.o
LOAD ./Core/Src/main.o
LOAD ./Core/Src/syscalls.o
LOAD ./Core/Src/sysmem.o
LOAD ./Startup/startup_stm32f407vgtx.o
LOAD ./app/Src/button.o
LOAD ./app/Src/feeder.o
LOAD ./app/Src/led.o
LOAD ./bsp/Src/communication.o
LOAD ./bsp/Src/ds3231.o
LOAD ./bsp/Src/lcd.o
LOAD ./bsp/Src/servo.o
LOAD ./drivers/Src/gpio.o
LOAD ./drivers/Src/i2c.o
LOAD ./drivers/Src/rcc.o
LOAD ./drivers/Src/spi.o
LOAD ./drivers/Src/usart.o
START GROUP
LOAD /home/brianmoser/st/stm32cubeide_2.1.1/plugins/com.st.stm32cube.ide.mcu.externaltools.gnu-tools-for-stm32.14.3.rel1.linux64_1.0.100.202602081740/tools/bin/../lib/gcc/arm-none-eabi/14.3.1/../../../../arm-none-eabi/lib/thumb/v7e-m/nofp/libc_nano.a
LOAD /home/brianmoser/st/stm32cubeide_2.1.1/plugins/com.st.stm32cube.ide.mcu.externaltools.gnu-tools-for-stm32.14.3.rel1.linux64_1.0.100.202602081740/tools/bin/../lib/gcc/arm-none-eabi/14.3.1/../../../../arm-none-eabi/lib/thumb/v7e-m/nofp/libm.a
END GROUP
START GROUP
LOAD /home/brianmoser/st/stm32cubeide_2.1.1/plugins/com.st.stm32cube.ide.mcu.externaltools.gnu-tools-for-stm32.14.3.rel1.linux64_1.0.100.202602081740/tools/bin/../lib/gcc/arm-none-eabi/14.3.1/thumb/v7e-m/nofp/libgcc.a
LOAD /home/brianmoser/st/stm32cubeide_2.1.1/plugins/com.st.stm32cube.ide.mcu.externaltools.gnu-tools-for-stm32.14.3.rel1.linux64_1.0.100.202602081740/tools/bin/../lib/gcc/arm-none-eabi/14.3.1/../../../../arm-none-eabi/lib/thumb/v7e-m/nofp/libc_nano.a
END GROUP
START GROUP
LOAD /home/brianmoser/st/stm32cubeide_2.1.1/plugins/com.st.stm32cube.ide.mcu.externaltools.gnu-tools-for-stm32.14.3.rel1.linux64_1.0.100.202602081740/tools/bin/../lib/gcc/arm-none-eabi/14.3.1/thumb/v7e-m/nofp/libgcc.a
LOAD /home/brianmoser/st/stm32cubeide_2.1.1/plugins/com.st.stm32cube.ide.mcu.externaltools.gnu-tools-for-stm32.14.3.rel1.linux64_1.0.100.202602081740/tools/bin/../lib/gcc/arm-none-eabi/14.3.1/../../../../arm-none-eabi/lib/thumb/v7e-m/nofp/libc_nano.a
LOAD /home/brianmoser/st/stm32cubeide_2.1.1/plugins/com.st.stm32cube.ide.mcu.externaltools.gnu-tools-for-stm32.14.3.rel1.linux64_1.0.100.202602081740/tools/bin/../lib/gcc/arm-none-eabi/14.3.1/../../../../arm-none-eabi/lib/thumb/v7e-m/nofp/libnosys.a
END GROUP
START GROUP
LOAD /home/brianmoser/st/stm32cubeide_2.1.1/plugins/com.st.stm32cube.ide.mcu.externaltools.gnu-tools-for-stm32.14.3.rel1.linux64_1.0.100.202602081740/tools/bin/../lib/gcc/arm-none-eabi/14.3.1/thumb/v7e-m/nofp/libgcc.a
LOAD /home/brianmoser/st/stm32cubeide_2.1.1/plugins/com.st.stm32cube.ide.mcu.externaltools.gnu-tools-for-stm32.14.3.rel1.linux64_1.0.100.202602081740/tools/bin/../lib/gcc/arm-none-eabi/14.3.1/../../../../arm-none-eabi/lib/thumb/v7e-m/nofp/libc_nano.a
LOAD /home/brianmoser/st/stm32cubeide_2.1.1/plugins/com.st.stm32cube.ide.mcu.externaltools.gnu-tools-for-stm32.14.3.rel1.linux64_1.0.100.202602081740/tools/bin/../lib/gcc/arm-none-eabi/14.3.1/../../../../arm-none-eabi/lib/thumb/v7e-m/nofp/libnosys.a
END GROUP
LOAD /home/brianmoser/st/stm32cubeide_2.1.1/plugins/com.st.stm32cube.ide.mcu.externaltools.gnu-tools-for-stm32.14.3.rel1.linux64_1.0.100.202602081740/tools/bin/../lib/gcc/arm-none-eabi/14.3.1/thumb/v7e-m/nofp/crtend.o
LOAD /home/brianmoser/st/stm32cubeide_2.1.1/plugins/com.st.stm32cube.ide.mcu.externaltools.gnu-tools-for-stm32.14.3.rel1.linux64_1.0.100.202602081740/tools/bin/../lib/gcc/arm-none-eabi/14.3.1/thumb/v7e-m/nofp/crtn.o
                0x20020000                        _estack = (ORIGIN (RAM) + LENGTH (RAM))
                0x00000200                        _Min_Heap_Size = 0x200
                0x00000400                        _Min_Stack_Size = 0x400

.isr_vector     0x08000000      0x188
                0x08000000                        . = ALIGN (0x4)
 *(.isr_vector)
 .isr_vector    0x08000000      0x188 ./Startup/startup_stm32f407vgtx.o
                0x08000000                g_pfnVectors
                0x08000188                        . = ALIGN (0x4)

.text           0x08000188     0x1cb8
                0x08000188                        . = ALIGN (0x4)
 *(.text)
 .text          0x08000188       0x40 /home/brianmoser/st/stm32cubeide_2.1.1/plugins/com.st.stm32cube.ide.mcu.externaltools.gnu-tools-for-stm32.14.3.rel1.linux64_1.0.100.202602081740/tools/bin/../lib/gcc/arm-none-eabi/14.3.1/thumb/v7e-m/nofp/crtbegin.o
 *(.text*)
 .text.delay    0x080001c8       0x2c ./Core/Src/main.o
                0x080001c8                delay
 .text.delay_ms
                0x080001f4       0x36 ./Core/Src/main.o
                0x080001f4                delay_ms
 *fill*         0x0800022a        0x2 
 .text.main     0x0800022c       0xb4 ./Core/Src/main.o
                0x0800022c                main
 .text.EXTI9_5_IRQHandler
                0x080002e0        0xe ./Core/Src/main.o
                0x080002e0                EXTI9_5_IRQHandler
 *fill*         0x080002ee        0x2 
 .text.EXTI0_IRQHandler
                0x080002f0       0x18 ./Core/Src/main.o
                0x080002f0                EXTI0_IRQHandler
 .text.USART2_IRQHandler
                0x08000308       0x20 ./Core/Src/main.o
                0x08000308                USART2_IRQHandler
 .text.SysTick_Handler
                0x08000328       0x1c ./Core/Src/main.o
                0x08000328                SysTick_Handler
 .text.ITM_SendChar
                0x08000344       0x4c ./Core/Src/syscalls.o
                0x08000344                ITM_SendChar
 .text._read    0x08000390       0x3a ./Core/Src/syscalls.o
                0x08000390                _read
 .text._write   0x080003ca       0x38 ./Core/Src/syscalls.o
                0x080003ca                _write
 .text._close   0x08000402       0x16 ./Core/Src/syscalls.o
                0x08000402                _close
 .text._fstat   0x08000418       0x1e ./Core/Src/syscalls.o
                0x08000418                _fstat
 .text._isatty  0x08000436       0x14 ./Core/Src/syscalls.o
                0x08000436                _isatty
 .text._lseek   0x0800044a       0x18 ./Core/Src/syscalls.o
                0x0800044a                _lseek
 *fill*         0x08000462        0x2 
 .text._sbrk    0x08000464       0x6c ./Core/Src/sysmem.o
                0x08000464                _sbrk
 .text.Reset_Handler
                0x080004d0       0x50 ./Startup/startup_stm32f407vgtx.o
                0x080004d0                Reset_Handler
 .text.Default_Handler
                0x08000520        0x2 ./Startup/startup_stm32f407vgtx.o
                0x08000520                RTC_Alarm_IRQHandler
                0x08000520                HASH_RNG_IRQHandler
                0x08000520                EXTI2_IRQHandler
                0x08000520                TIM8_CC_IRQHandler
                0x08000520                DebugMon_Handler
                0x08000520                TIM1_CC_IRQHandler
                0x08000520                DMA2_Stream5_IRQHandler
                0x08000520                HardFault_Handler
                0x08000520                DMA1_Stream5_IRQHandler
                0x08000520                PVD_IRQHandler
                0x08000520                SDIO_IRQHandler
                0x08000520                TAMP_STAMP_IRQHandler
                0x08000520                PendSV_Handler
                0x08000520                NMI_Handler
                0x08000520                CAN2_RX1_IRQHandler
                0x08000520                EXTI3_IRQHandler
                0x08000520                TIM8_TRG_COM_TIM14_IRQHandler
                0x08000520                TIM1_UP_TIM10_IRQHandler
                0x08000520                TIM8_UP_TIM13_IRQHandler
                0x08000520                I2C3_ER_IRQHandler
                0x08000520                I2C2_EV_IRQHandler
                0x08000520                DMA1_Stream2_IRQHandler
                0x08000520                CAN1_RX0_IRQHandler
                0x08000520                FPU_IRQHandler
                0x08000520                OTG_HS_WKUP_IRQHandler
                0x08000520                UsageFault_Handler
                0x08000520                CAN2_SCE_IRQHandler
                0x08000520                DMA2_Stream2_IRQHandler
                0x08000520                SPI1_IRQHandler
                0x08000520                TIM6_DAC_IRQHandler
                0x08000520                TIM1_BRK_TIM9_IRQHandler
                0x08000520                DCMI_IRQHandler
                0x08000520                CAN2_RX0_IRQHandler
                0x08000520                DMA2_Stream3_IRQHandler
                0x08000520                USART6_IRQHandler
                0x08000520                USART3_IRQHandler
                0x08000520                CRYP_IRQHandler
                0x08000520                CAN1_RX1_IRQHandler
                0x08000520                UART5_IRQHandler
                0x08000520                DMA2_Stream0_IRQHandler
                0x08000520                TIM4_IRQHandler
                0x08000520                I2C1_EV_IRQHandler
                0x08000520                DMA1_Stream6_IRQHandler
                0x08000520                DMA1_Stream1_IRQHandler
                0x08000520                UART4_IRQHandler
                0x08000520                TIM3_IRQHandler
                0x08000520                RCC_IRQHandler
                0x08000520                TIM8_BRK_TIM12_IRQHandler
                0x08000520                Default_Handler
                0x08000520                EXTI15_10_IRQHandler
                0x08000520                ADC_IRQHandler
                0x08000520                DMA1_Stream7_IRQHandler
                0x08000520                TIM7_IRQHandler
                0x08000520                CAN2_TX_IRQHandler
                0x08000520                TIM5_IRQHandler
                0x08000520                DMA2_Stream7_IRQHandler
                0x08000520                I2C3_EV_IRQHandler
                0x08000520                RTC_WKUP_IRQHandler
                0x08000520                ETH_WKUP_IRQHandler
                0x08000520                SPI2_IRQHandler
                0x08000520                OTG_HS_EP1_IN_IRQHandler
                0x08000520                MemManage_Handler
                0x08000520                DMA1_Stream0_IRQHandler
                0x08000520                CAN1_TX_IRQHandler
                0x08000520                SVC_Handler
                0x08000520                EXTI4_IRQHandler
                0x08000520                FSMC_IRQHandler
                0x08000520                ETH_IRQHandler
                0x08000520                OTG_HS_EP1_OUT_IRQHandler
                0x08000520                WWDG_IRQHandler
                0x08000520                TIM2_IRQHandler
                0x08000520                OTG_FS_WKUP_IRQHandler
                0x08000520                TIM1_TRG_COM_TIM11_IRQHandler
                0x08000520                OTG_HS_IRQHandler
                0x08000520                EXTI1_IRQHandler
                0x08000520                I2C2_ER_IRQHandler
                0x08000520                DMA2_Stream1_IRQHandler
                0x08000520                CAN1_SCE_IRQHandler
                0x08000520                DMA2_Stream4_IRQHandler
                0x08000520                BusFault_Handler
                0x08000520                USART1_IRQHandler
                0x08000520                OTG_FS_IRQHandler
                0x08000520                SPI3_IRQHandler
                0x08000520                DMA1_Stream4_IRQHandler
                0x08000520                I2C1_ER_IRQHandler
                0x08000520                DMA2_Stream6_IRQHandler
                0x08000520                DMA1_Stream3_IRQHandler
 *fill*         0x08000522        0x2 
 .text.Button_It_Init
                0x08000524       0x4c ./app/Src/button.o
                0x08000524                Button_It_Init
 .text.UserBtn_It_Init
                0x08000570       0x4c ./app/Src/button.o
                0x08000570                UserBtn_It_Init
 .text.Feeder_FeedOnce
                0x080005bc       0x1c ./app/Src/feeder.o
                0x080005bc                Feeder_FeedOnce
 .text.Feeder_Init
                0x080005d8        0xc ./app/Src/feeder.o
                0x080005d8                Feeder_Init
 .text.LED_InitPin
                0x080005e4       0x48 ./app/Src/led.o
 .text.Led_Init
                0x0800062c       0x54 ./app/Src/led.o
                0x0800062c                Led_Init
 .text.LED_Blue_On
                0x08000680       0x18 ./app/Src/led.o
                0x08000680                LED_Blue_On
 .text.LED_Blue_Off
                0x08000698       0x18 ./app/Src/led.o
                0x08000698                LED_Blue_Off
 .text.LED_Green_On
                0x080006b0       0x18 ./app/Src/led.o
                0x080006b0                LED_Green_On
 .text.LED_Green_Off
                0x080006c8       0x18 ./app/Src/led.o
                0x080006c8                LED_Green_Off
 .text.Communication_Init
                0x080006e0       0xdc ./bsp/Src/communication.o
                0x080006e0                Communication_Init
 .text.Communication_Send
                0x080007bc       0x24 ./bsp/Src/communication.o
                0x080007bc                Communication_Send
 .text.Communication_IRQHandler
                0x080007e0       0x24 ./bsp/Src/communication.o
                0x080007e0                Communication_IRQHandler
 .text.Servo_Init
                0x08000804       0xd4 ./bsp/Src/servo.o
                0x08000804                Servo_Init
 .text.Servo_SetAngle
                0x080008d8       0x4c ./bsp/Src/servo.o
                0x080008d8                Servo_SetAngle
 .text.GPIO_PeriClockControl
                0x08000924      0x108 ./drivers/Src/gpio.o
                0x08000924                GPIO_PeriClockControl
 .text.GPIO_Init
                0x08000a2c      0x330 ./drivers/Src/gpio.o
                0x08000a2c                GPIO_Init
 .text.GPIO_ReadFromInputPin
                0x08000d5c       0x2a ./drivers/Src/gpio.o
                0x08000d5c                GPIO_ReadFromInputPin
 .text.GPIO_WriteToOutputPin
                0x08000d86       0x48 ./drivers/Src/gpio.o
                0x08000d86                GPIO_WriteToOutputPin
 *fill*         0x08000dce        0x2 
 .text.GPIO_IRQInterruptConfig
                0x08000dd0      0x108 ./drivers/Src/gpio.o
                0x08000dd0                GPIO_IRQInterruptConfig
 .text.GPIO_IRQPriorityConfig
                0x08000ed8       0x52 ./drivers/Src/gpio.o
                0x08000ed8                GPIO_IRQPriorityConfig
 *fill*         0x08000f2a        0x2 
 .text.GPIO_IRQHandling
                0x08000f2c       0x40 ./drivers/Src/gpio.o
                0x08000f2c                GPIO_IRQHandling
 .text.RCC_GetPCLK1Value
                0x08000f6c       0xb0 ./drivers/Src/rcc.o
                0x08000f6c                RCC_GetPCLK1Value
 .text.RCC_GetPCLK2Value
                0x0800101c       0xa0 ./drivers/Src/rcc.o
                0x0800101c                RCC_GetPCLK2Value
 .text.RCC_GetPLLOutputClock
                0x080010bc        0xe ./drivers/Src/rcc.o
                0x080010bc                RCC_GetPLLOutputClock
 *fill*         0x080010ca        0x2 
 .text.USART_SetBaudRate
                0x080010cc       0xe4 ./drivers/Src/usart.o
                0x080010cc                USART_SetBaudRate
 .text.USART_Init
                0x080011b0      0x102 ./drivers/Src/usart.o
                0x080011b0                USART_Init
 .text.USART_PeripheralControl
                0x080012b2       0x36 ./drivers/Src/usart.o
                0x080012b2                USART_PeripheralControl
 .text.USART_PeriClockControl
                0x080012e8       0x88 ./drivers/Src/usart.o
                0x080012e8                USART_PeriClockControl
 .text.USART_GetFlagStatus
                0x08001370       0x28 ./drivers/Src/usart.o
                0x08001370                USART_GetFlagStatus
 .text.USART_SendData
                0x08001398       0x9c ./drivers/Src/usart.o
                0x08001398                USART_SendData
 .text.USART_ReceiveData
                0x08001434       0xb0 ./drivers/Src/usart.o
                0x08001434                USART_ReceiveData
 .text.std      0x080014e4       0x6c /home/brianmoser/st/stm32cubeide_2.1.1/plugins/com.st.stm32cube.ide.mcu.externaltools.gnu-tools-for-stm32.14.3.rel1.linux64_1.0.100.202602081740/tools/bin/../lib/gcc/arm-none-eabi/14.3.1/../../../../arm-none-eabi/lib/thumb/v7e-m/nofp/libc_nano.a(libc_a-findfp.o)
 .text.stdio_exit_handler
                0x08001550       0x18 /home/brianmoser/st/stm32cubeide_2.1.1/plugins/com.st.stm32cube.ide.mcu.externaltools.gnu-tools-for-stm32.14.3.rel1.linux64_1.0.100.202602081740/tools/bin/../lib/gcc/arm-none-eabi/14.3.1/../../../../arm-none-eabi/lib/thumb/v7e-m/nofp/libc_nano.a(libc_a-findfp.o)
 .text.cleanup_stdio
                0x08001568       0x40 /home/brianmoser/st/stm32cubeide_2.1.1/plugins/com.st.stm32cube.ide.mcu.externaltools.gnu-tools-for-stm32.14.3.rel1.linux64_1.0.100.202602081740/tools/bin/../lib/gcc/arm-none-eabi/14.3.1/../../../../arm-none-eabi/lib/thumb/v7e-m/nofp/libc_nano.a(libc_a-findfp.o)
 .text.global_stdio_init.part.0
                0x080015a8       0x40 /home/brianmoser/st/stm32cubeide_2.1.1/plugins/com.st.stm32cube.ide.mcu.externaltools.gnu-tools-for-stm32.14.3.rel1.linux64_1.0.100.202602081740/tools/bin/../lib/gcc/arm-none-eabi/14.3.1/../../../../arm-none-eabi/lib/thumb/v7e-m/nofp/libc_nano.a(libc_a-findfp.o)
 .text.__sfp_lock_acquire
                0x080015e8        0xc /home/brianmoser/st/stm32cubeide_2.1.1/plugins/com.st.stm32cube.ide.mcu.externaltools.gnu-tools-for-stm32.14.3.rel1.linux64_1.0.100.202602081740/tools/bin/../lib/gcc/arm-none-eabi/14.3.1/../../../../arm-none-eabi/lib/thumb/v7e-m/nofp/libc_nano.a(libc_a-findfp.o)
                0x080015e8                __sfp_lock_acquire
 .text.__sfp_lock_release
                0x080015f4        0xc /home/brianmoser/st/stm32cubeide_2.1.1/plugins/com.st.stm32cube.ide.mcu.externaltools.gnu-tools-for-stm32.14.3.rel1.linux64_1.0.100.202602081740/tools/bin/../lib/gcc/arm-none-eabi/14.3.1/../../../../arm-none-eabi/lib/thumb/v7e-m/nofp/libc_nano.a(libc_a-findfp.o)
                0x080015f4                __sfp_lock_release
 .text.__sinit  0x08001600       0x30 /home/brianmoser/st/stm32cubeide_2.1.1/plugins/com.st.stm32cube.ide.mcu.externaltools.gnu-tools-for-stm32.14.3.rel1.linux64_1.0.100.202602081740/tools/bin/../lib/gcc/arm-none-eabi/14.3.1/../../../../arm-none-eabi/lib/thumb/v7e-m/nofp/libc_nano.a(libc_a-findfp.o)
                0x08001600                __sinit
 .text._fwalk_sglue
                0x08001630       0x3c /home/brianmoser/st/stm32cubeide_2.1.1/plugins/com.st.stm32cube.ide.mcu.externaltools.gnu-tools-for-stm32.14.3.rel1.linux64_1.0.100.202602081740/tools/bin/../lib/gcc/arm-none-eabi/14.3.1/../../../../arm-none-eabi/lib/thumb/v7e-m/nofp/libc_nano.a(libc_a-fwalk.o)
                0x08001630                _fwalk_sglue
 .text._puts_r  0x0800166c       0xaa /home/brianmoser/st/stm32cubeide_2.1.1/plugins/com.st.stm32cube.ide.mcu.externaltools.gnu-tools-for-stm32.14.3.rel1.linux64_1.0.100.202602081740/tools/bin/../lib/gcc/arm-none-eabi/14.3.1/../../../../arm-none-eabi/lib/thumb/v7e-m/nofp/libc_nano.a(libc_a-puts.o)
                0x0800166c                _puts_r
 *fill*         0x08001716        0x2 
 .text.puts     0x08001718       0x10 /home/brianmoser/st/stm32cubeide_2.1.1/plugins/com.st.stm32cube.ide.mcu.externaltools.gnu-tools-for-stm32.14.3.rel1.linux64_1.0.100.202602081740/tools/bin/../lib/gcc/arm-none-eabi/14.3.1/../../../../arm-none-eabi/lib/thumb/v7e-m/nofp/libc_nano.a(libc_a-puts.o)
                0x08001718                puts
 .text.__sread  0x08001728       0x22 /home/brianmoser/st/stm32cubeide_2.1.1/plugins/com.st.stm32cube.ide.mcu.externaltools.gnu-tools-for-stm32.14.3.rel1.linux64_1.0.100.202602081740/tools/bin/../lib/gcc/arm-none-eabi/14.3.1/../../../../arm-none-eabi/lib/thumb/v7e-m/nofp/libc_nano.a(libc_a-stdio.o)
                0x08001728                __sread
 .text.__swrite
                0x0800174a       0x38 /home/brianmoser/st/stm32cubeide_2.1.1/plugins/com.st.stm32cube.ide.mcu.externaltools.gnu-tools-for-stm32.14.3.rel1.linux64_1.0.100.202602081740/tools/bin/../lib/gcc/arm-none-eabi/14.3.1/../../../../arm-none-eabi/lib/thumb/v7e-m/nofp/libc_nano.a(libc_a-stdio.o)
                0x0800174a                __swrite
 .text.__sseek  0x08001782       0x26 /home/brianmoser/st/stm32cubeide_2.1.1/plugins/com.st.stm32cube.ide.mcu.externaltools.gnu-tools-for-stm32.14.3.rel1.linux64_1.0.100.202602081740/tools/bin/../lib/gcc/arm-none-eabi/14.3.1/../../../../arm-none-eabi/lib/thumb/v7e-m/nofp/libc_nano.a(libc_a-stdio.o)
                0x08001782                __sseek
 .text.__sclose
                0x080017a8        0x8 /home/brianmoser/st/stm32cubeide_2.1.1/plugins/com.st.stm32cube.ide.mcu.externaltools.gnu-tools-for-stm32.14.3.rel1.linux64_1.0.100.202602081740/tools/bin/../lib/gcc/arm-none-eabi/14.3.1/../../../../arm-none-eabi/lib/thumb/v7e-m/nofp/libc_nano.a(libc_a-stdio.o)
                0x080017a8                __sclose
 .text.__swbuf_r
                0x080017b0       0x7c /home/brianmoser/st/stm32cubeide_2.1.1/plugins/com.st.stm32cube.ide.mcu.externaltools.gnu-tools-for-stm32.14.3.rel1.linux64_1.0.100.202602081740/tools/bin/../lib/gcc/arm-none-eabi/14.3.1/../../../../arm-none-eabi/lib/thumb/v7e-m/nofp/libc_nano.a(libc_a-wbuf.o)
                0x080017b0                __swbuf_r
 .text.__swsetup_r
                0x0800182c       0xa8 /home/brianmoser/st/stm32cubeide_2.1.1/plugins/com.st.stm32cube.ide.mcu.externaltools.gnu-tools-for-stm32.14.3.rel1.linux64_1.0.100.202602081740/tools/bin/../lib/gcc/arm-none-eabi/14.3.1/../../../../arm-none-eabi/lib/thumb/v7e-m/nofp/libc_nano.a(libc_a-wsetup.o)
                0x0800182c                __swsetup_r
 .text.memset   0x080018d4       0x10 /home/brianmoser/st/stm32cubeide_2.1.1/plugins/com.st.stm32cube.ide.mcu.externaltools.gnu-tools-for-stm32.14.3.rel1.linux64_1.0.100.202602081740/tools/bin/../lib/gcc/arm-none-eabi/14.3.1/../../../../arm-none-eabi/lib/thumb/v7e-m/nofp/libc_nano.a(libc_a-memset.o)
                0x080018d4                memset
 .text._close_r
                0x080018e4       0x20 /home/brianmoser/st/stm32cubeide_2.1.1/plugins/com.st.stm32cube.ide.mcu.externaltools.gnu-tools-for-stm32.14.3.rel1.linux64_1.0.100.202602081740/tools/bin/../lib/gcc/arm-none-eabi/14.3.1/../../../../arm-none-eabi/lib/thumb/v7e-m/nofp/libc_nano.a(libc_a-closer.o)
                0x080018e4                _close_r
 .text._lseek_r
                0x08001904       0x24 /home/brianmoser/st/stm32cubeide_2.1.1/plugins/com.st.stm32cube.ide.mcu.externaltools.gnu-tools-for-stm32.14.3.rel1.linux64_1.0.100.202602081740/tools/bin/../lib/gcc/arm-none-eabi/14.3.1/../../../../arm-none-eabi/lib/thumb/v7e-m/nofp/libc_nano.a(libc_a-lseekr.o)
                0x08001904                _lseek_r
 .text._read_r  0x08001928       0x24 /home/brianmoser/st/stm32cubeide_2.1.1/plugins/com.st.stm32cube.ide.mcu.externaltools.gnu-tools-for-stm32.14.3.rel1.linux64_1.0.100.202602081740/tools/bin/../lib/gcc/arm-none-eabi/14.3.1/../../../../arm-none-eabi/lib/thumb/v7e-m/nofp/libc_nano.a(libc_a-readr.o)
                0x08001928                _read_r
 .text._write_r
                0x0800194c       0x24 /home/brianmoser/st/stm32cubeide_2.1.1/plugins/com.st.stm32cube.ide.mcu.externaltools.gnu-tools-for-stm32.14.3.rel1.linux64_1.0.100.202602081740/tools/bin/../lib/gcc/arm-none-eabi/14.3.1/../../../../arm-none-eabi/lib/thumb/v7e-m/nofp/libc_nano.a(libc_a-writer.o)
                0x0800194c                _write_r
 .text.__errno  0x08001970        0xc /home/brianmoser/st/stm32cubeide_2.1.1/plugins/com.st.stm32cube.ide.mcu.externaltools.gnu-tools-for-stm32.14.3.rel1.linux64_1.0.100.202602081740/tools/bin/../lib/gcc/arm-none-eabi/14.3.1/../../../../arm-none-eabi/lib/thumb/v7e-m/nofp/libc_nano.a(libc_a-errno.o)
                0x08001970                __errno
 .text.__libc_init_array
                0x0800197c       0x48 /home/brianmoser/st/stm32cubeide_2.1.1/plugins/com.st.stm32cube.ide.mcu.externaltools.gnu-tools-for-stm32.14.3.rel1.linux64_1.0.100.202602081740/tools/bin/../lib/gcc/arm-none-eabi/14.3.1/../../../../arm-none-eabi/lib/thumb/v7e-m/nofp/libc_nano.a(libc_a-init.o)
                0x0800197c                __libc_init_array
 .text.__retarget_lock_init_recursive
                0x080019c4        0x2 /home/brianmoser/st/stm32cubeide_2.1.1/plugins/com.st.stm32cube.ide.mcu.externaltools.gnu-tools-for-stm32.14.3.rel1.linux64_1.0.100.202602081740/tools/bin/../lib/gcc/arm-none-eabi/14.3.1/../../../../arm-none-eabi/lib/thumb/v7e-m/nofp/libc_nano.a(libc_a-lock.o)
                0x080019c4                __retarget_lock_init_recursive
 .text.__retarget_lock_acquire_recursive
                0x080019c6        0x2 /home/brianmoser/st/stm32cubeide_2.1.1/plugins/com.st.stm32cube.ide.mcu.externaltools.gnu-tools-for-stm32.14.3.rel1.linux64_1.0.100.202602081740/tools/bin/../lib/gcc/arm-none-eabi/14.3.1/../../../../arm-none-eabi/lib/thumb/v7e-m/nofp/libc_nano.a(libc_a-lock.o)
                0x080019c6                __retarget_lock_acquire_recursive
 .text.__retarget_lock_release_recursive
                0x080019c8        0x2 /home/brianmoser/st/stm32cubeide_2.1.1/plugins/com.st.stm32cube.ide.mcu.externaltools.gnu-tools-for-stm32.14.3.rel1.linux64_1.0.100.202602081740/tools/bin/../lib/gcc/arm-none-eabi/14.3.1/../../../../arm-none-eabi/lib/thumb/v7e-m/nofp/libc_nano.a(libc_a-lock.o)
                0x080019c8                __retarget_lock_release_recursive
 *fill*         0x080019ca        0x2 
 .text._free_r  0x080019cc       0x94 /home/brianmoser/st/stm32cubeide_2.1.1/plugins/com.st.stm32cube.ide.mcu.externaltools.gnu-tools-for-stm32.14.3.rel1.linux64_1.0.100.202602081740/tools/bin/../lib/gcc/arm-none-eabi/14.3.1/../../../../arm-none-eabi/lib/thumb/v7e-m/nofp/libc_nano.a(libc_a-freer.o)
                0x080019cc                _free_r
 .text.sbrk_aligned
                0x08001a60       0x44 /home/brianmoser/st/stm32cubeide_2.1.1/plugins/com.st.stm32cube.ide.mcu.externaltools.gnu-tools-for-stm32.14.3.rel1.linux64_1.0.100.202602081740/tools/bin/../lib/gcc/arm-none-eabi/14.3.1/../../../../arm-none-eabi/lib/thumb/v7e-m/nofp/libc_nano.a(libc_a-mallocr.o)
 .text._malloc_r
                0x08001aa4      0x100 /home/brianmoser/st/stm32cubeide_2.1.1/plugins/com.st.stm32cube.ide.mcu.externaltools.gnu-tools-for-stm32.14.3.rel1.linux64_1.0.100.202602081740/tools/bin/../lib/gcc/arm-none-eabi/14.3.1/../../../../arm-none-eabi/lib/thumb/v7e-m/nofp/libc_nano.a(libc_a-mallocr.o)
                0x08001aa4                _malloc_r
 .text.__malloc_lock
                0x08001ba4        0xc /home/brianmoser/st/stm32cubeide_2.1.1/plugins/com.st.stm32cube.ide.mcu.externaltools.gnu-tools-for-stm32.14.3.rel1.linux64_1.0.100.202602081740/tools/bin/../lib/gcc/arm-none-eabi/14.3.1/../../../../arm-none-eabi/lib/thumb/v7e-m/nofp/libc_nano.a(libc_a-mlock.o)
                0x08001ba4                __malloc_lock
 .text.__malloc_unlock
                0x08001bb0        0xc /home/brianmoser/st/stm32cubeide_2.1.1/plugins/com.st.stm32cube.ide.mcu.externaltools.gnu-tools-for-stm32.14.3.rel1.linux64_1.0.100.202602081740/tools/bin/../lib/gcc/arm-none-eabi/14.3.1/../../../../arm-none-eabi/lib/thumb/v7e-m/nofp/libc_nano.a(libc_a-mlock.o)
                0x08001bb0                __malloc_unlock
 .text.__sflush_r
                0x08001bbc       0xfc /home/brianmoser/st/stm32cubeide_2.1.1/plugins/com.st.stm32cube.ide.mcu.externaltools.gnu-tools-for-stm32.14.3.rel1.linux64_1.0.100.202602081740/tools/bin/../lib/gcc/arm-none-eabi/14.3.1/../../../../arm-none-eabi/lib/thumb/v7e-m/nofp/libc_nano.a(libc_a-fflush.o)
                0x08001bbc                __sflush_r
 .text._fflush_r
                0x08001cb8       0x50 /home/brianmoser/st/stm32cubeide_2.1.1/plugins/com.st.stm32cube.ide.mcu.externaltools.gnu-tools-for-stm32.14.3.rel1.linux64_1.0.100.202602081740/tools/bin/../lib/gcc/arm-none-eabi/14.3.1/../../../../arm-none-eabi/lib/thumb/v7e-m/nofp/libc_nano.a(libc_a-fflush.o)
                0x08001cb8                _fflush_r
 .text.__swhatbuf_r
                0x08001d08       0x48 /home/brianmoser/st/stm32cubeide_2.1.1/plugins/com.st.stm32cube.ide.mcu.externaltools.gnu-tools-for-stm32.14.3.rel1.linux64_1.0.100.202602081740/tools/bin/../lib/gcc/arm-none-eabi/14.3.1/../../../../arm-none-eabi/lib/thumb/v7e-m/nofp/libc_nano.a(libc_a-makebuf.o)
                0x08001d08                __swhatbuf_r
 .text.__smakebuf_r
                0x08001d50       0x72 /home/brianmoser/st/stm32cubeide_2.1.1/plugins/com.st.stm32cube.ide.mcu.externaltools.gnu-tools-for-stm32.14.3.rel1.linux64_1.0.100.202602081740/tools/bin/../lib/gcc/arm-none-eabi/14.3.1/../../../../arm-none-eabi/lib/thumb/v7e-m/nofp/libc_nano.a(libc_a-makebuf.o)
                0x08001d50                __smakebuf_r
 *fill*         0x08001dc2        0x2 
 .text._fstat_r
                0x08001dc4       0x24 /home/brianmoser/st/stm32cubeide_2.1.1/plugins/com.st.stm32cube.ide.mcu.externaltools.gnu-tools-for-stm32.14.3.rel1.linux64_1.0.100.202602081740/tools/bin/../lib/gcc/arm-none-eabi/14.3.1/../../../../arm-none-eabi/lib/thumb/v7e-m/nofp/libc_nano.a(libc_a-fstatr.o)
                0x08001dc4                _fstat_r
 .text._isatty_r
                0x08001de8       0x20 /home/brianmoser/st/stm32cubeide_2.1.1/plugins/com.st.stm32cube.ide.mcu.externaltools.gnu-tools-for-stm32.14.3.rel1.linux64_1.0.100.202602081740/tools/bin/../lib/gcc/arm-none-eabi/14.3.1/../../../../arm-none-eabi/lib/thumb/v7e-m/nofp/libc_nano.a(libc_a-isattyr.o)
                0x08001de8                _isatty_r
 .text._sbrk_r  0x08001e08       0x20 /home/brianmoser/st/stm32cubeide_2.1.1/plugins/com.st.stm32cube.ide.mcu.externaltools.gnu-tools-for-stm32.14.3.rel1.linux64_1.0.100.202602081740/tools/bin/../lib/gcc/arm-none-eabi/14.3.1/../../../../arm-none-eabi/lib/thumb/v7e-m/nofp/libc_nano.a(libc_a-sbrkr.o)
                0x08001e08                _sbrk_r
 *(.glue_7)
 .glue_7        0x08001e28        0x0 linker stubs
 *(.glue_7t)
 .glue_7t       0x08001e28        0x0 linker stubs
 *(.eh_frame)
 .eh_frame      0x08001e28        0x0 /home/brianmoser/st/stm32cubeide_2.1.1/plugins/com.st.stm32cube.ide.mcu.externaltools.gnu-tools-for-stm32.14.3.rel1.linux64_1.0.100.202602081740/tools/bin/../lib/gcc/arm-none-eabi/14.3.1/thumb/v7e-m/nofp/crtbegin.o
 *(.init)
 .init          0x08001e28        0x4 /home/brianmoser/st/stm32cubeide_2.1.1/plugins/com.st.stm32cube.ide.mcu.externaltools.gnu-tools-for-stm32.14.3.rel1.linux64_1.0.100.202602081740/tools/bin/../lib/gcc/arm-none-eabi/14.3.1/thumb/v7e-m/nofp/crti.o
                0x08001e28                _init
 .init          0x08001e2c        0x8 /home/brianmoser/st/stm32cubeide_2.1.1/plugins/com.st.stm32cube.ide.mcu.externaltools.gnu-tools-for-stm32.14.3.rel1.linux64_1.0.100.202602081740/tools/bin/../lib/gcc/arm-none-eabi/14.3.1/thumb/v7e-m/nofp/crtn.o
 *(.fini)
 .fini          0x08001e34        0x4 /home/brianmoser/st/stm32cubeide_2.1.1/plugins/com.st.stm32cube.ide.mcu.externaltools.gnu-tools-for-stm32.14.3.rel1.linux64_1.0.100.202602081740/tools/bin/../lib/gcc/arm-none-eabi/14.3.1/thumb/v7e-m/nofp/crti.o
                0x08001e34                _fini
 .fini          0x08001e38        0x8 /home/brianmoser/st/stm32cubeide_2.1.1/plugins/com.st.stm32cube.ide.mcu.externaltools.gnu-tools-for-stm32.14.3.rel1.linux64_1.0.100.202602081740/tools/bin/../lib/gcc/arm-none-eabi/14.3.1/thumb/v7e-m/nofp/crtn.o
                0x08001e40                        . = ALIGN (0x4)
                0x08001e40                        _etext = .

.vfp11_veneer   0x08001e40        0x0
 .vfp11_veneer  0x08001e40        0x0 linker stubs

.v4_bx          0x08001e40        0x0
 .v4_bx         0x08001e40        0x0 linker stubs

.iplt           0x08001e40        0x0
 .iplt          0x08001e40        0x0 /home/brianmoser/st/stm32cubeide_2.1.1/plugins/com.st.stm32cube.ide.mcu.externaltools.gnu-tools-for-stm32.14.3.rel1.linux64_1.0.100.202602081740/tools/bin/../lib/gcc/arm-none-eabi/14.3.1/thumb/v7e-m/nofp/crtbegin.o

.rodata         0x08001e40       0x74
                0x08001e40                        . = ALIGN (0x4)
 *(.rodata)
 .rodata        0x08001e40       0x72 ./Core/Src/main.o
 *(.rodata*)
                0x08001eb4                        . = ALIGN (0x4)
 *fill*         0x08001eb2        0x2 

.ARM.extab      0x08001eb4        0x0
                0x08001eb4                        . = ALIGN (0x4)
 *(.ARM.extab* .gnu.linkonce.armextab.*)
                0x08001eb4                        . = ALIGN (0x4)

.ARM            0x08001eb4        0x0
                0x08001eb4                        . = ALIGN (0x4)
                0x08001eb4                        __exidx_start = .
 *(.ARM.exidx*)
                0x08001eb4                        __exidx_end = .
                0x08001eb4                        . = ALIGN (0x4)

.preinit_array  0x08001eb4        0x0
                0x08001eb4                        . = ALIGN (0x4)
                0x08001eb4                        PROVIDE (__preinit_array_start = .)
 *(.preinit_array*)
                0x08001eb4                        PROVIDE (__preinit_array_end = .)
                0x08001eb4                        . = ALIGN (0x4)

.init_array     0x08001eb4        0x4
                0x08001eb4                        . = ALIGN (0x4)
                0x08001eb4                        PROVIDE (__init_array_start = .)
 *(SORT_BY_NAME(.init_array.*))
 *(.init_array*)
 .init_array    0x08001eb4        0x4 /home/brianmoser/st/stm32cubeide_2.1.1/plugins/com.st.stm32cube.ide.mcu.externaltools.gnu-tools-for-stm32.14.3.rel1.linux64_1.0.100.202602081740/tools/bin/../lib/gcc/arm-none-eabi/14.3.1/thumb/v7e-m/nofp/crtbegin.o
                0x08001eb8                        PROVIDE (__init_array_end = .)
                0x08001eb8                        . = ALIGN (0x4)

.fini_array     0x08001eb8        0x4
                0x08001eb8                        . = ALIGN (0x4)
                [!provide]                        PROVIDE (__fini_array_start = .)
 *(SORT_BY_NAME(.fini_array.*))
 *(.fini_array*)
 .fini_array    0x08001eb8        0x4 /home/brianmoser/st/stm32cubeide_2.1.1/plugins/com.st.stm32cube.ide.mcu.externaltools.gnu-tools-for-stm32.14.3.rel1.linux64_1.0.100.202602081740/tools/bin/../lib/gcc/arm-none-eabi/14.3.1/thumb/v7e-m/nofp/crtbegin.o
                [!provide]                        PROVIDE (__fini_array_end = .)
                0x08001ebc                        . = ALIGN (0x4)
                0x08001ebc                        _sidata = LOADADDR (.data)

.rel.dyn        0x08001ebc        0x0
 .rel.iplt      0x08001ebc        0x0 /home/brianmoser/st/stm32cubeide_2.1.1/plugins/com.st.stm32cube.ide.mcu.externaltools.gnu-tools-for-stm32.14.3.rel1.linux64_1.0.100.202602081740/tools/bin/../lib/gcc/arm-none-eabi/14.3.1/thumb/v7e-m/nofp/crtbegin.o

.data           0x20000000       0x70 load address 0x08001ebc
                0x20000000                        . = ALIGN (0x4)
                0x20000000                        _sdata = .
 *(.data)
 *(.data*)
 .data.AHB_PreScaler
                0x20000000       0x10 ./drivers/Src/rcc.o
                0x20000000                AHB_PreScaler
 .data.APB1_PreScaler
                0x20000010        0x4 ./drivers/Src/rcc.o
                0x20000010                APB1_PreScaler
 .data.__sglue  0x20000014        0xc /home/brianmoser/st/stm32cubeide_2.1.1/plugins/com.st.stm32cube.ide.mcu.externaltools.gnu-tools-for-stm32.14.3.rel1.linux64_1.0.100.202602081740/tools/bin/../lib/gcc/arm-none-eabi/14.3.1/../../../../arm-none-eabi/lib/thumb/v7e-m/nofp/libc_nano.a(libc_a-findfp.o)
                0x20000014                __sglue
 .data._impure_ptr
                0x20000020        0x4 /home/brianmoser/st/stm32cubeide_2.1.1/plugins/com.st.stm32cube.ide.mcu.externaltools.gnu-tools-for-stm32.14.3.rel1.linux64_1.0.100.202602081740/tools/bin/../lib/gcc/arm-none-eabi/14.3.1/../../../../arm-none-eabi/lib/thumb/v7e-m/nofp/libc_nano.a(libc_a-impure.o)
                0x20000020                _impure_ptr
 .data._impure_data
                0x20000024       0x4c /home/brianmoser/st/stm32cubeide_2.1.1/plugins/com.st.stm32cube.ide.mcu.externaltools.gnu-tools-for-stm32.14.3.rel1.linux64_1.0.100.202602081740/tools/bin/../lib/gcc/arm-none-eabi/14.3.1/../../../../arm-none-eabi/lib/thumb/v7e-m/nofp/libc_nano.a(libc_a-impure.o)
                0x20000024                _impure_data
 *(.RamFunc)
 *(.RamFunc*)
                0x20000070                        . = ALIGN (0x4)
                0x20000070                        _edata = .
                0x08001f2c                        _siccmram = LOADADDR (.ccmram)

.igot.plt       0x20000070        0x0 load address 0x08001f2c
 .igot.plt      0x20000070        0x0 /home/brianmoser/st/stm32cubeide_2.1.1/plugins/com.st.stm32cube.ide.mcu.externaltools.gnu-tools-for-stm32.14.3.rel1.linux64_1.0.100.202602081740/tools/bin/../lib/gcc/arm-none-eabi/14.3.1/thumb/v7e-m/nofp/crtbegin.o

.ccmram         0x10000000        0x0 load address 0x08001f2c
                0x10000000                        . = ALIGN (0x4)
                0x10000000                        _sccmram = .
 *(.ccmram)
 *(.ccmram*)
                0x10000000                        . = ALIGN (0x4)
                0x10000000                        _eccmram = .
                0x10000000                        . = ALIGN (0x4)

.bss            0x20000070      0x19c
                0x20000070                        _sbss = .
                0x20000070                        __bss_start__ = _sbss
 *(.bss)
 .bss           0x20000070       0x1c /home/brianmoser/st/stm32cubeide_2.1.1/plugins/com.st.stm32cube.ide.mcu.externaltools.gnu-tools-for-stm32.14.3.rel1.linux64_1.0.100.202602081740/tools/bin/../lib/gcc/arm-none-eabi/14.3.1/thumb/v7e-m/nofp/crtbegin.o
 *(.bss*)
 .bss.e_user_button_pressed
                0x2000008c        0x1 ./Core/Src/main.o
                0x2000008c                e_user_button_pressed
 *fill*         0x2000008d        0x3 
 .bss.systick_counter
                0x20000090        0x4 ./Core/Src/main.o
                0x20000090                systick_counter
 .bss.__sbrk_heap_end
                0x20000094        0x4 ./Core/Src/sysmem.o
 .bss.usart2_handle
                0x20000098       0x24 ./bsp/Src/communication.o
                0x20000098                usart2_handle
 .bss.rxPacket  0x200000bc        0x2 ./bsp/Src/communication.o
 .bss.packetReady
                0x200000be        0x1 ./bsp/Src/communication.o
 *fill*         0x200000bf        0x1 
 .bss.__sf      0x200000c0      0x138 /home/brianmoser/st/stm32cubeide_2.1.1/plugins/com.st.stm32cube.ide.mcu.externaltools.gnu-tools-for-stm32.14.3.rel1.linux64_1.0.100.202602081740/tools/bin/../lib/gcc/arm-none-eabi/14.3.1/../../../../arm-none-eabi/lib/thumb/v7e-m/nofp/libc_nano.a(libc_a-findfp.o)
                0x200000c0                __sf
 .bss.__stdio_exit_handler
                0x200001f8        0x4 /home/brianmoser/st/stm32cubeide_2.1.1/plugins/com.st.stm32cube.ide.mcu.externaltools.gnu-tools-for-stm32.14.3.rel1.linux64_1.0.100.202602081740/tools/bin/../lib/gcc/arm-none-eabi/14.3.1/../../../../arm-none-eabi/lib/thumb/v7e-m/nofp/libc_nano.a(libc_a-findfp.o)
                0x200001f8                __stdio_exit_handler
 .bss.errno     0x200001fc        0x4 /home/brianmoser/st/stm32cubeide_2.1.1/plugins/com.st.stm32cube.ide.mcu.externaltools.gnu-tools-for-stm32.14.3.rel1.linux64_1.0.100.202602081740/tools/bin/../lib/gcc/arm-none-eabi/14.3.1/../../../../arm-none-eabi/lib/thumb/v7e-m/nofp/libc_nano.a(libc_a-reent.o)
                0x200001fc                errno
 .bss.__lock___malloc_recursive_mutex
                0x20000200        0x1 /home/brianmoser/st/stm32cubeide_2.1.1/plugins/com.st.stm32cube.ide.mcu.externaltools.gnu-tools-for-stm32.14.3.rel1.linux64_1.0.100.202602081740/tools/bin/../lib/gcc/arm-none-eabi/14.3.1/../../../../arm-none-eabi/lib/thumb/v7e-m/nofp/libc_nano.a(libc_a-lock.o)
                0x20000200                __lock___malloc_recursive_mutex
 .bss.__lock___sfp_recursive_mutex
                0x20000201        0x1 /home/brianmoser/st/stm32cubeide_2.1.1/plugins/com.st.stm32cube.ide.mcu.externaltools.gnu-tools-for-stm32.14.3.rel1.linux64_1.0.100.202602081740/tools/bin/../lib/gcc/arm-none-eabi/14.3.1/../../../../arm-none-eabi/lib/thumb/v7e-m/nofp/libc_nano.a(libc_a-lock.o)
                0x20000201                __lock___sfp_recursive_mutex
 *fill*         0x20000202        0x2 
 .bss.__malloc_sbrk_start
                0x20000204        0x4 /home/brianmoser/st/stm32cubeide_2.1.1/plugins/com.st.stm32cube.ide.mcu.externaltools.gnu-tools-for-stm32.14.3.rel1.linux64_1.0.100.202602081740/tools/bin/../lib/gcc/arm-none-eabi/14.3.1/../../../../arm-none-eabi/lib/thumb/v7e-m/nofp/libc_nano.a(libc_a-mallocr.o)
                0x20000204                __malloc_sbrk_start
 .bss.__malloc_free_list
                0x20000208        0x4 /home/brianmoser/st/stm32cubeide_2.1.1/plugins/com.st.stm32cube.ide.mcu.externaltools.gnu-tools-for-stm32.14.3.rel1.linux64_1.0.100.202602081740/tools/bin/../lib/gcc/arm-none-eabi/14.3.1/../../../../arm-none-eabi/lib/thumb/v7e-m/nofp/libc_nano.a(libc_a-mallocr.o)
                0x20000208                __malloc_free_list
 *(COMMON)
                0x2000020c                        . = ALIGN (0x4)
                0x2000020c                        _ebss = .
                0x2000020c                        __bss_end__ = _ebss

._user_heap_stack
                0x2000020c      0x604
                0x20000210                        . = ALIGN (0x8)
 *fill*         0x2000020c        0x4 
                [!provide]                        PROVIDE (end = .)
                0x20000210                        PROVIDE (_end = .)
                0x20000410                        . = (. + _Min_Heap_Size)
 *fill*         0x20000210      0x200 
                0x20000810                        . = (. + _Min_Stack_Size)
 *fill*         0x20000410      0x400 
                0x20000810                        . = ALIGN (0x8)

/DISCARD/
 libc.a(*)
 libm.a(*)
 libgcc.a(*)

.ARM.attributes
                0x00000000       0x2a
 *(.ARM.attributes)
 .ARM.attributes
                0x00000000       0x1e /home/brianmoser/st/stm32cubeide_2.1.1/plugins/com.st.stm32cube.ide.mcu.externaltools.gnu-tools-for-stm32.14.3.rel1.linux64_1.0.100.202602081740/tools/bin/../lib/gcc/arm-none-eabi/14.3.1/thumb/v7e-m/nofp/crti.o
 .ARM.attributes
                0x0000001e       0x2e /home/brianmoser/st/stm32cubeide_2.1.1/plugins/com.st.stm32cube.ide.mcu.externaltools.gnu-tools-for-stm32.14.3.rel1.linux64_1.0.100.202602081740/tools/bin/../lib/gcc/arm-none-eabi/14.3.1/thumb/v7e-m/nofp/crtbegin.o
 .ARM.attributes
                0x0000004c       0x2e ./Core/Src/main.o
 .ARM.attributes
                0x0000007a       0x2e ./Core/Src/syscalls.o
 .ARM.attributes
                0x000000a8       0x2e ./Core/Src/sysmem.o
 .ARM.attributes
                0x000000d6       0x21 ./Startup/startup_stm32f407vgtx.o
 .ARM.attributes
                0x000000f7       0x2e ./app/Src/button.o
 .ARM.attributes
                0x00000125       0x2e ./app/Src/feeder.o
 .ARM.attributes
                0x00000153       0x2e ./app/Src/led.o
 .ARM.attributes
                0x00000181       0x2e ./bsp/Src/communication.o
 .ARM.attributes
                0x000001af       0x2e ./bsp/Src/servo.o
 .ARM.attributes
                0x000001dd       0x2e ./drivers/Src/gpio.o
 .ARM.attributes
                0x0000020b       0x2e ./drivers/Src/rcc.o
 .ARM.attributes
                0x00000239       0x2e ./drivers/Src/usart.o
 .ARM.attributes
                0x00000267       0x2e /home/brianmoser/st/stm32cubeide_2.1.1/plugins/com.st.stm32cube.ide.mcu.externaltools.gnu-tools-for-stm32.14.3.rel1.linux64_1.0.100.202602081740/tools/bin/../lib/gcc/arm-none-eabi/14.3.1/../../../../arm-none-eabi/lib/thumb/v7e-m/nofp/libc_nano.a(libc_a-findfp.o)
 .ARM.attributes
                0x00000295       0x2e /home/brianmoser/st/stm32cubeide_2.1.1/plugins/com.st.stm32cube.ide.mcu.externaltools.gnu-tools-for-stm32.14.3.rel1.linux64_1.0.100.202602081740/tools/bin/../lib/gcc/arm-none-eabi/14.3.1/../../../../arm-none-eabi/lib/thumb/v7e-m/nofp/libc_nano.a(libc_a-fwalk.o)
 .ARM.attributes
                0x000002c3       0x2e /home/brianmoser/st/stm32cubeide_2.1.1/plugins/com.st.stm32cube.ide.mcu.externaltools.gnu-tools-for-stm32.14.3.rel1.linux64_1.0.100.202602081740/tools/bin/../lib/gcc/arm-none-eabi/14.3.1/../../../../arm-none-eabi/lib/thumb/v7e-m/nofp/libc_nano.a(libc_a-puts.o)
 .ARM.attributes
                0x000002f1       0x2e /home/brianmoser/st/stm32cubeide_2.1.1/plugins/com.st.stm32cube.ide.mcu.externaltools.gnu-tools-for-stm32.14.3.rel1.linux64_1.0.100.202602081740/tools/bin/../lib/gcc/arm-none-eabi/14.3.1/../../../../arm-none-eabi/lib/thumb/v7e-m/nofp/libc_nano.a(libc_a-stdio.o)
 .ARM.attributes
                0x0000031f       0x2e /home/brianmoser/st/stm32cubeide_2.1.1/plugins/com.st.stm32cube.ide.mcu.externaltools.gnu-tools-for-stm32.14.3.rel1.linux64_1.0.100.202602081740/tools/bin/../lib/gcc/arm-none-eabi/14.3.1/../../../../arm-none-eabi/lib/thumb/v7e-m/nofp/libc_nano.a(libc_a-wbuf.o)
 .ARM.attributes
                0x0000034d       0x2e /home/brianmoser/st/stm32cubeide_2.1.1/plugins/com.st.stm32cube.ide.mcu.externaltools.gnu-tools-for-stm32.14.3.rel1.linux64_1.0.100.202602081740/tools/bin/../lib/gcc/arm-none-eabi/14.3.1/../../../../arm-none-eabi/lib/thumb/v7e-m/nofp/libc_nano.a(libc_a-wsetup.o)
 .ARM.attributes
                0x0000037b       0x2e /home/brianmoser/st/stm32cubeide_2.1.1/plugins/com.st.stm32cube.ide.mcu.externaltools.gnu-tools-for-stm32.14.3.rel1.linux64_1.0.100.202602081740/tools/bin/../lib/gcc/arm-none-eabi/14.3.1/../../../../arm-none-eabi/lib/thumb/v7e-m/nofp/libc_nano.a(libc_a-memset.o)
 .ARM.attributes
                0x000003a9       0x2e /home/brianmoser/st/stm32cubeide_2.1.1/plugins/com.st.stm32cube.ide.mcu.externaltools.gnu-tools-for-stm32.14.3.rel1.linux64_1.0.100.202602081740/tools/bin/../lib/gcc/arm-none-eabi/14.3.1/../../../../arm-none-eabi/lib/thumb/v7e-m/nofp/libc_nano.a(libc_a-closer.o)
 .ARM.attributes
                0x000003d7       0x2e /home/brianmoser/st/stm32cubeide_2.1.1/plugins/com.st.stm32cube.ide.mcu.externaltools.gnu-tools-for-stm32.14.3.rel1.linux64_1.0.100.202602081740/tools/bin/../lib/gcc/arm-none-eabi/14.3.1/../../../../arm-none-eabi/lib/thumb/v7e-m/nofp/libc_nano.a(libc_a-reent.o)
 .ARM.attributes
                0x00000405       0x2e /home/brianmoser/st/stm32cubeide_2.1.1/plugins/com.st.stm32cube.ide.mcu.externaltools.gnu-tools-for-stm32.14.3.rel1.linux64_1.0.100.202602081740/tools/bin/../lib/gcc/arm-none-eabi/14.3.1/../../../../arm-none-eabi/lib/thumb/v7e-m/nofp/libc_nano.a(libc_a-impure.o)
 .ARM.attributes
                0x00000433       0x2e /home/brianmoser/st/stm32cubeide_2.1.1/plugins/com.st.stm32cube.ide.mcu.externaltools.gnu-tools-for-stm32.14.3.rel1.linux64_1.0.100.202602081740/tools/bin/../lib/gcc/arm-none-eabi/14.3.1/../../../../arm-none-eabi/lib/thumb/v7e-m/nofp/libc_nano.a(libc_a-lseekr.o)
 .ARM.attributes
                0x00000461       0x2e /home/brianmoser/st/stm32cubeide_2.1.1/plugins/com.st.stm32cube.ide.mcu.externaltools.gnu-tools-for-stm32.14.3.rel1.linux64_1.0.100.202602081740/tools/bin/../lib/gcc/arm-none-eabi/14.3.1/../../../../arm-none-eabi/lib/thumb/v7e-m/nofp/libc_nano.a(libc_a-readr.o)
 .ARM.attributes
                0x0000048f       0x2e /home/brianmoser/st/stm32cubeide_2.1.1/plugins/com.st.stm32cube.ide.mcu.externaltools.gnu-tools-for-stm32.14.3.rel1.linux64_1.0.100.202602081740/tools/bin/../lib/gcc/arm-none-eabi/14.3.1/../../../../arm-none-eabi/lib/thumb/v7e-m/nofp/libc_nano.a(libc_a-writer.o)
 .ARM.attributes
                0x000004bd       0x2e /home/brianmoser/st/stm32cubeide_2.1.1/plugins/com.st.stm32cube.ide.mcu.externaltools.gnu-tools-for-stm32.14.3.rel1.linux64_1.0.100.202602081740/tools/bin/../lib/gcc/arm-none-eabi/14.3.1/../../../../arm-none-eabi/lib/thumb/v7e-m/nofp/libc_nano.a(libc_a-errno.o)
 .ARM.attributes
                0x000004eb       0x2e /home/brianmoser/st/stm32cubeide_2.1.1/plugins/com.st.stm32cube.ide.mcu.externaltools.gnu-tools-for-stm32.14.3.rel1.linux64_1.0.100.202602081740/tools/bin/../lib/gcc/arm-none-eabi/14.3.1/../../../../arm-none-eabi/lib/thumb/v7e-m/nofp/libc_nano.a(libc_a-init.o)
 .ARM.attributes
                0x00000519       0x2e /home/brianmoser/st/stm32cubeide_2.1.1/plugins/com.st.stm32cube.ide.mcu.externaltools.gnu-tools-for-stm32.14.3.rel1.linux64_1.0.100.202602081740/tools/bin/../lib/gcc/arm-none-eabi/14.3.1/../../../../arm-none-eabi/lib/thumb/v7e-m/nofp/libc_nano.a(libc_a-lock.o)
 .ARM.attributes
                0x00000547       0x2e /home/brianmoser/st/stm32cubeide_2.1.1/plugins/com.st.stm32cube.ide.mcu.externaltools.gnu-tools-for-stm32.14.3.rel1.linux64_1.0.100.202602081740/tools/bin/../lib/gcc/arm-none-eabi/14.3.1/../../../../arm-none-eabi/lib/thumb/v7e-m/nofp/libc_nano.a(libc_a-freer.o)
 .ARM.attributes
                0x00000575       0x2e /home/brianmoser/st/stm32cubeide_2.1.1/plugins/com.st.stm32cube.ide.mcu.externaltools.gnu-tools-for-stm32.14.3.rel1.linux64_1.0.100.202602081740/tools/bin/../lib/gcc/arm-none-eabi/14.3.1/../../../../arm-none-eabi/lib/thumb/v7e-m/nofp/libc_nano.a(libc_a-mallocr.o)
 .ARM.attributes
                0x000005a3       0x2e /home/brianmoser/st/stm32cubeide_2.1.1/plugins/com.st.stm32cube.ide.mcu.externaltools.gnu-tools-for-stm32.14.3.rel1.linux64_1.0.100.202602081740/tools/bin/../lib/gcc/arm-none-eabi/14.3.1/../../../../arm-none-eabi/lib/thumb/v7e-m/nofp/libc_nano.a(libc_a-mlock.o)
 .ARM.attributes
                0x000005d1       0x2e /home/brianmoser/st/stm32cubeide_2.1.1/plugins/com.st.stm32cube.ide.mcu.externaltools.gnu-tools-for-stm32.14.3.rel1.linux64_1.0.100.202602081740/tools/bin/../lib/gcc/arm-none-eabi/14.3.1/../../../../arm-none-eabi/lib/thumb/v7e-m/nofp/libc_nano.a(libc_a-fflush.o)
 .ARM.attributes
                0x000005ff       0x2e /home/brianmoser/st/stm32cubeide_2.1.1/plugins/com.st.stm32cube.ide.mcu.externaltools.gnu-tools-for-stm32.14.3.rel1.linux64_1.0.100.202602081740/tools/bin/../lib/gcc/arm-none-eabi/14.3.1/../../../../arm-none-eabi/lib/thumb/v7e-m/nofp/libc_nano.a(libc_a-makebuf.o)
 .ARM.attributes
                0x0000062d       0x2e /home/brianmoser/st/stm32cubeide_2.1.1/plugins/com.st.stm32cube.ide.mcu.externaltools.gnu-tools-for-stm32.14.3.rel1.linux64_1.0.100.202602081740/tools/bin/../lib/gcc/arm-none-eabi/14.3.1/../../../../arm-none-eabi/lib/thumb/v7e-m/nofp/libc_nano.a(libc_a-fstatr.o)
 .ARM.attributes
                0x0000065b       0x2e /home/brianmoser/st/stm32cubeide_2.1.1/plugins/com.st.stm32cube.ide.mcu.externaltools.gnu-tools-for-stm32.14.3.rel1.linux64_1.0.100.202602081740/tools/bin/../lib/gcc/arm-none-eabi/14.3.1/../../../../arm-none-eabi/lib/thumb/v7e-m/nofp/libc_nano.a(libc_a-isattyr.o)
 .ARM.attributes
                0x00000689       0x2e /home/brianmoser/st/stm32cubeide_2.1.1/plugins/com.st.stm32cube.ide.mcu.externaltools.gnu-tools-for-stm32.14.3.rel1.linux64_1.0.100.202602081740/tools/bin/../lib/gcc/arm-none-eabi/14.3.1/../../../../arm-none-eabi/lib/thumb/v7e-m/nofp/libc_nano.a(libc_a-sbrkr.o)
 .ARM.attributes
                0x000006b7       0x1e /home/brianmoser/st/stm32cubeide_2.1.1/plugins/com.st.stm32cube.ide.mcu.externaltools.gnu-tools-for-stm32.14.3.rel1.linux64_1.0.100.202602081740/tools/bin/../lib/gcc/arm-none-eabi/14.3.1/thumb/v7e-m/nofp/crtn.o
OUTPUT(PetFeeder.elf elf32-littlearm)
LOAD linker stubs
LOAD /home/brianmoser/st/stm32cubeide_2.1.1/plugins/com.st.stm32cube.ide.mcu.externaltools.gnu-tools-for-stm32.14.3.rel1.linux64_1.0.100.202602081740/tools/bin/../lib/gcc/arm-none-eabi/14.3.1/../../../../arm-none-eabi/lib/thumb/v7e-m/nofp/libc.a
LOAD /home/brianmoser/st/stm32cubeide_2.1.1/plugins/com.st.stm32cube.ide.mcu.externaltools.gnu-tools-for-stm32.14.3.rel1.linux64_1.0.100.202602081740/tools/bin/../lib/gcc/arm-none-eabi/14.3.1/../../../../arm-none-eabi/lib/thumb/v7e-m/nofp/libm.a
LOAD /home/brianmoser/st/stm32cubeide_2.1.1/plugins/com.st.stm32cube.ide.mcu.externaltools.gnu-tools-for-stm32.14.3.rel1.linux64_1.0.100.202602081740/tools/bin/../lib/gcc/arm-none-eabi/14.3.1/thumb/v7e-m/nofp/libgcc.a

.debug_info     0x00000000     0x31c8
 .debug_info    0x00000000      0x42e ./Core/Src/main.o
 .debug_info    0x0000042e      0x6d1 ./Core/Src/syscalls.o
 .debug_info    0x00000aff      0x168 ./Core/Src/sysmem.o
 .debug_info    0x00000c67       0x30 ./Startup/startup_stm32f407vgtx.o
 .debug_info    0x00000c97      0x2b6 ./app/Src/button.o
 .debug_info    0x00000f4d      0x122 ./app/Src/feeder.o
 .debug_info    0x0000106f      0x2eb ./app/Src/led.o
 .debug_info    0x0000135a      0x595 ./bsp/Src/communication.o
 .debug_info    0x000018ef      0x572 ./bsp/Src/servo.o
 .debug_info    0x00001e61      0x77c ./drivers/Src/gpio.o
 .debug_info    0x000025dd      0x3ca ./drivers/Src/rcc.o
 .debug_info    0x000029a7      0x821 ./drivers/Src/usart.o

.debug_abbrev   0x00000000      0xf64
 .debug_abbrev  0x00000000      0x21d ./Core/Src/main.o
 .debug_abbrev  0x0000021d      0x1b1 ./Core/Src/syscalls.o
 .debug_abbrev  0x000003ce       0xbc ./Core/Src/sysmem.o
 .debug_abbrev  0x0000048a       0x24 ./Startup/startup_stm32f407vgtx.o
 .debug_abbrev  0x000004ae      0x10c ./app/Src/button.o
 .debug_abbrev  0x000005ba       0x9f ./app/Src/feeder.o
 .debug_abbrev  0x00000659      0x122 ./app/Src/led.o
 .debug_abbrev  0x0000077b      0x1d5 ./bsp/Src/communication.o
 .debug_abbrev  0x00000950      0x160 ./bsp/Src/servo.o
 .debug_abbrev  0x00000ab0      0x178 ./drivers/Src/gpio.o
 .debug_abbrev  0x00000c28      0x130 ./drivers/Src/rcc.o
 .debug_abbrev  0x00000d58      0x20c ./drivers/Src/usart.o

.debug_aranges  0x00000000      0x398
 .debug_aranges
                0x00000000       0x50 ./Core/Src/main.o
 .debug_aranges
                0x00000050       0xb0 ./Core/Src/syscalls.o
 .debug_aranges
                0x00000100       0x20 ./Core/Src/sysmem.o
 .debug_aranges
                0x00000120       0x28 ./Startup/startup_stm32f407vgtx.o
 .debug_aranges
                0x00000148       0x30 ./app/Src/button.o
 .debug_aranges
                0x00000178       0x30 ./app/Src/feeder.o
 .debug_aranges
                0x000001a8       0x58 ./app/Src/led.o
 .debug_aranges
                0x00000200       0x40 ./bsp/Src/communication.o
 .debug_aranges
                0x00000240       0x28 ./bsp/Src/servo.o
 .debug_aranges
                0x00000268       0x70 ./drivers/Src/gpio.o
 .debug_aranges
                0x000002d8       0x38 ./drivers/Src/rcc.o
 .debug_aranges
                0x00000310       0x88 ./drivers/Src/usart.o

.debug_rnglists
                0x00000000      0x292
 .debug_rnglists
                0x00000000       0x38 ./Core/Src/main.o
 .debug_rnglists
                0x00000038       0x7f ./Core/Src/syscalls.o
 .debug_rnglists
                0x000000b7       0x13 ./Core/Src/sysmem.o
 .debug_rnglists
                0x000000ca       0x19 ./Startup/startup_stm32f407vgtx.o
 .debug_rnglists
                0x000000e3       0x1f ./app/Src/button.o
 .debug_rnglists
                0x00000102       0x1f ./app/Src/feeder.o
 .debug_rnglists
                0x00000121       0x3d ./app/Src/led.o
 .debug_rnglists
                0x0000015e       0x38 ./bsp/Src/communication.o
 .debug_rnglists
                0x00000196       0x1a ./bsp/Src/servo.o
 .debug_rnglists
                0x000001b0       0x53 ./drivers/Src/gpio.o
 .debug_rnglists
                0x00000203       0x27 ./drivers/Src/rcc.o
 .debug_rnglists
                0x0000022a       0x68 ./drivers/Src/usart.o

.debug_macro    0x00000000     0x4199
 .debug_macro   0x00000000      0x2a2 ./Core/Src/main.o
 .debug_macro   0x000002a2      0xad8 ./Core/Src/main.o
 .debug_macro   0x00000d7a       0x22 ./Core/Src/main.o
 .debug_macro   0x00000d9c       0x22 ./Core/Src/main.o
 .debug_macro   0x00000dbe       0x5b ./Core/Src/main.o
 .debug_macro   0x00000e19       0x24 ./Core/Src/main.o
 .debug_macro   0x00000e3d       0x94 ./Core/Src/main.o
 .debug_macro   0x00000ed1       0x43 ./Core/Src/main.o
 .debug_macro   0x00000f14       0x34 ./Core/Src/main.o
 .debug_macro   0x00000f48      0x190 ./Core/Src/main.o
 .debug_macro   0x000010d8       0x57 ./Core/Src/main.o
 .debug_macro   0x0000112f      0x364 ./Core/Src/main.o
 .debug_macro   0x00001493       0x16 ./Core/Src/main.o
 .debug_macro   0x000014a9       0x4a ./Core/Src/main.o
 .debug_macro   0x000014f3       0x34 ./Core/Src/main.o
 .debug_macro   0x00001527       0x10 ./Core/Src/main.o
 .debug_macro   0x00001537       0x58 ./Core/Src/main.o
 .debug_macro   0x0000158f       0x8e ./Core/Src/main.o
 .debug_macro   0x0000161d       0x1c ./Core/Src/main.o
 .debug_macro   0x00001639      0x17e ./Core/Src/main.o
 .debug_macro   0x000017b7       0x10 ./Core/Src/main.o
 .debug_macro   0x000017c7       0x3c ./Core/Src/main.o
 .debug_macro   0x00001803       0x20 ./Core/Src/main.o
 .debug_macro   0x00001823      0x103 ./Core/Src/main.o
 .debug_macro   0x00001926       0x6a ./Core/Src/main.o
 .debug_macro   0x00001990      0x1df ./Core/Src/main.o
 .debug_macro   0x00001b6f      0x6c4 ./Core/Src/main.o
 .debug_macro   0x00002233       0xca ./Core/Src/main.o
 .debug_macro   0x000022fd      0x103 ./Core/Src/main.o
 .debug_macro   0x00002400       0xd6 ./Core/Src/main.o
 .debug_macro   0x000024d6       0xa0 ./Core/Src/main.o
 .debug_macro   0x00002576       0x16 ./Core/Src/main.o
 .debug_macro   0x0000258c       0x34 ./Core/Src/main.o
 .debug_macro   0x000025c0       0x10 ./Core/Src/main.o
 .debug_macro   0x000025d0       0x1c ./Core/Src/main.o
 .debug_macro   0x000025ec       0x10 ./Core/Src/main.o
 .debug_macro   0x000025fc       0x1c ./Core/Src/main.o
 .debug_macro   0x00002618       0x16 ./Core/Src/main.o
 .debug_macro   0x0000262e      0x146 ./Core/Src/main.o
 .debug_macro   0x00002774       0x16 ./Core/Src/main.o
 .debug_macro   0x0000278a       0x10 ./Core/Src/main.o
 .debug_macro   0x0000279a       0x10 ./Core/Src/main.o
 .debug_macro   0x000027aa       0x10 ./Core/Src/main.o
 .debug_macro   0x000027ba       0x1c ./Core/Src/main.o
 .debug_macro   0x000027d6       0x52 ./Core/Src/main.o
 .debug_macro   0x00002828       0x22 ./Core/Src/main.o
 .debug_macro   0x0000284a       0x10 ./Core/Src/main.o
 .debug_macro   0x0000285a       0x52 ./Core/Src/main.o
 .debug_macro   0x000028ac       0xc1 ./Core/Src/main.o
 .debug_macro   0x0000296d       0x1c ./Core/Src/main.o
 .debug_macro   0x00002989       0x3d ./Core/Src/main.o
 .debug_macro   0x000029c6       0x35 ./Core/Src/main.o
 .debug_macro   0x000029fb      0x286 ./Core/Src/syscalls.o
 .debug_macro   0x00002c81       0x10 ./Core/Src/syscalls.o
 .debug_macro   0x00002c91       0xcf ./Core/Src/syscalls.o
 .debug_macro   0x00002d60      0x12c ./Core/Src/syscalls.o
 .debug_macro   0x00002e8c       0x16 ./Core/Src/syscalls.o
 .debug_macro   0x00002ea2       0x16 ./Core/Src/syscalls.o
 .debug_macro   0x00002eb8       0x29 ./Core/Src/syscalls.o
 .debug_macro   0x00002ee1       0x10 ./Core/Src/syscalls.o
 .debug_macro   0x00002ef1      0x242 ./Core/Src/syscalls.o
 .debug_macro   0x00003133       0x10 ./Core/Src/syscalls.o
 .debug_macro   0x00003143      0x18a ./Core/Src/syscalls.o
 .debug_macro   0x000032cd       0x16 ./Core/Src/syscalls.o
 .debug_macro   0x000032e3       0xce ./Core/Src/syscalls.o
 .debug_macro   0x000033b1      0x112 ./Core/Src/sysmem.o
 .debug_macro   0x000034c3      0x23c ./Core/Src/sysmem.o
 .debug_macro   0x000036ff      0x161 ./app/Src/button.o
 .debug_macro   0x00003860       0x8e ./app/Src/button.o
 .debug_macro   0x000038ee       0x51 ./app/Src/button.o
 .debug_macro   0x0000393f       0x61 ./app/Src/button.o
 .debug_macro   0x000039a0       0x10 ./app/Src/button.o
 .debug_macro   0x000039b0      0x184 ./app/Src/feeder.o
 .debug_macro   0x00003b34      0x161 ./app/Src/led.o
 .debug_macro   0x00003c95       0x2e ./app/Src/led.o
 .debug_macro   0x00003cc3      0x1d2 ./bsp/Src/communication.o
 .debug_macro   0x00003e95       0x9d ./bsp/Src/servo.o
 .debug_macro   0x00003f32       0x8a ./drivers/Src/gpio.o
 .debug_macro   0x00003fbc       0xc4 ./drivers/Src/gpio.o
 .debug_macro   0x00004080       0x85 ./drivers/Src/rcc.o
 .debug_macro   0x00004105       0x94 ./drivers/Src/usart.o

.debug_line     0x00000000     0x4df1
 .debug_line    0x00000000      0x81a ./Core/Src/main.o
 .debug_line    0x0000081a      0x861 ./Core/Src/syscalls.o
 .debug_line    0x0000107b      0x4fe ./Core/Src/sysmem.o
 .debug_line    0x00001579       0x7b ./Startup/startup_stm32f407vgtx.o
 .debug_line    0x000015f4      0x623 ./app/Src/button.o
 .debug_line    0x00001c17      0x64a ./app/Src/feeder.o
 .debug_line    0x00002261      0x672 ./app/Src/led.o
 .debug_line    0x000028d3      0x742 ./bsp/Src/communication.o
 .debug_line    0x00003015      0x4f6 ./bsp/Src/servo.o
 .debug_line    0x0000350b      0x933 ./drivers/Src/gpio.o
 .debug_line    0x00003e3e      0x532 ./drivers/Src/rcc.o
 .debug_line    0x00004370      0xa81 ./drivers/Src/usart.o

.debug_str      0x00000000     0xcd84
 .debug_str     0x00000000     0xcd84 ./Core/Src/main.o
                               0xafc0 (size before relaxing)
 .debug_str     0x0000cd84     0x99c8 ./Core/Src/syscalls.o
 .debug_str     0x0000cd84     0x76c4 ./Core/Src/sysmem.o
 .debug_str     0x0000cd84       0x73 ./Startup/startup_stm32f407vgtx.o
 .debug_str     0x0000cd84     0x9395 ./app/Src/button.o
 .debug_str     0x0000cd84     0x92fe ./app/Src/feeder.o
 .debug_str     0x0000cd84     0x93e3 ./app/Src/led.o
 .debug_str     0x0000cd84     0xa0c4 ./bsp/Src/communication.o
 .debug_str     0x0000cd84     0x634f ./bsp/Src/servo.o
 .debug_str     0x0000cd84     0x63ef ./drivers/Src/gpio.o
 .debug_str     0x0000cd84     0x6029 ./drivers/Src/rcc.o
 .debug_str     0x0000cd84     0x6639 ./drivers/Src/usart.o

.comment        0x00000000       0x43
 .comment       0x00000000       0x43 ./Core/Src/main.o
                                 0x44 (size before relaxing)
 .comment       0x00000043       0x44 ./Core/Src/syscalls.o
 .comment       0x00000043       0x44 ./Core/Src/sysmem.o
 .comment       0x00000043       0x44 ./app/Src/button.o
 .comment       0x00000043       0x44 ./app/Src/feeder.o
 .comment       0x00000043       0x44 ./app/Src/led.o
 .comment       0x00000043       0x44 ./bsp/Src/communication.o
 .comment       0x00000043       0x44 ./bsp/Src/servo.o
 .comment       0x00000043       0x44 ./drivers/Src/gpio.o
 .comment       0x00000043       0x44 ./drivers/Src/rcc.o
 .comment       0x00000043       0x44 ./drivers/Src/usart.o

.debug_frame    0x00000000     0x1194
 .debug_frame   0x00000000       0xe8 ./Core/Src/main.o
 .debug_frame   0x000000e8      0x2ac ./Core/Src/syscalls.o
 .debug_frame   0x00000394       0x34 ./Core/Src/sysmem.o
 .debug_frame   0x000003c8       0x7c ./app/Src/button.o
 .debug_frame   0x00000444       0x64 ./app/Src/feeder.o
 .debug_frame   0x000004a8       0xf8 ./app/Src/led.o
 .debug_frame   0x000005a0       0xbc ./bsp/Src/communication.o
 .debug_frame   0x0000065c       0x58 ./bsp/Src/servo.o
 .debug_frame   0x000006b4      0x1a0 ./drivers/Src/gpio.o
 .debug_frame   0x00000854       0x98 ./drivers/Src/rcc.o
 .debug_frame   0x000008ec      0x20c ./drivers/Src/usart.o
 .debug_frame   0x00000af8      0x144 /home/brianmoser/st/stm32cubeide_2.1.1/plugins/com.st.stm32cube.ide.mcu.externaltools.gnu-tools-for-stm32.14.3.rel1.linux64_1.0.100.202602081740/tools/bin/../lib/gcc/arm-none-eabi/14.3.1/../../../../arm-none-eabi/lib/thumb/v7e-m/nofp/libc_nano.a(libc_a-findfp.o)
 .debug_frame   0x00000c3c       0x34 /home/brianmoser/st/stm32cubeide_2.1.1/plugins/com.st.stm32cube.ide.mcu.externaltools.gnu-tools-for-stm32.14.3.rel1.linux64_1.0.100.202602081740/tools/bin/../lib/gcc/arm-none-eabi/14.3.1/../../../../arm-none-eabi/lib/thumb/v7e-m/nofp/libc_nano.a(libc_a-fwalk.o)
 .debug_frame   0x00000c70       0x3c /home/brianmoser/st/stm32cubeide_2.1.1/plugins/com.st.stm32cube.ide.mcu.externaltools.gnu-tools-for-stm32.14.3.rel1.linux64_1.0.100.202602081740/tools/bin/../lib/gcc/arm-none-eabi/14.3.1/../../../../arm-none-eabi/lib/thumb/v7e-m/nofp/libc_nano.a(libc_a-puts.o)
 .debug_frame   0x00000cac       0x88 /home/brianmoser/st/stm32cubeide_2.1.1/plugins/com.st.stm32cube.ide.mcu.externaltools.gnu-tools-for-stm32.14.3.rel1.linux64_1.0.100.202602081740/tools/bin/../lib/gcc/arm-none-eabi/14.3.1/../../../../arm-none-eabi/lib/thumb/v7e-m/nofp/libc_nano.a(libc_a-stdio.o)
 .debug_frame   0x00000d34       0x40 /home/brianmoser/st/stm32cubeide_2.1.1/plugins/com.st.stm32cube.ide.mcu.externaltools.gnu-tools-for-stm32.14.3.rel1.linux64_1.0.100.202602081740/tools/bin/../lib/gcc/arm-none-eabi/14.3.1/../../../../arm-none-eabi/lib/thumb/v7e-m/nofp/libc_nano.a(libc_a-wbuf.o)
 .debug_frame   0x00000d74       0x2c /home/brianmoser/st/stm32cubeide_2.1.1/plugins/com.st.stm32cube.ide.mcu.externaltools.gnu-tools-for-stm32.14.3.rel1.linux64_1.0.100.202602081740/tools/bin/../lib/gcc/arm-none-eabi/14.3.1/../../../../arm-none-eabi/lib/thumb/v7e-m/nofp/libc_nano.a(libc_a-wsetup.o)
 .debug_frame   0x00000da0       0x20 /home/brianmoser/st/stm32cubeide_2.1.1/plugins/com.st.stm32cube.ide.mcu.externaltools.gnu-tools-for-stm32.14.3.rel1.linux64_1.0.100.202602081740/tools/bin/../lib/gcc/arm-none-eabi/14.3.1/../../../../arm-none-eabi/lib/thumb/v7e-m/nofp/libc_nano.a(libc_a-memset.o)
 .debug_frame   0x00000dc0       0x2c /home/brianmoser/st/stm32cubeide_2.1.1/plugins/com.st.stm32cube.ide.mcu.externaltools.gnu-tools-for-stm32.14.3.rel1.linux64_1.0.100.202602081740/tools/bin/../lib/gcc/arm-none-eabi/14.3.1/../../../../arm-none-eabi/lib/thumb/v7e-m/nofp/libc_nano.a(libc_a-closer.o)
 .debug_frame   0x00000dec       0x38 /home/brianmoser/st/stm32cubeide_2.1.1/plugins/com.st.stm32cube.ide.mcu.externaltools.gnu-tools-for-stm32.14.3.rel1.linux64_1.0.100.202602081740/tools/bin/../lib/gcc/arm-none-eabi/14.3.1/../../../../arm-none-eabi/lib/thumb/v7e-m/nofp/libc_nano.a(libc_a-reent.o)
 .debug_frame   0x00000e24       0x2c /home/brianmoser/st/stm32cubeide_2.1.1/plugins/com.st.stm32cube.ide.mcu.externaltools.gnu-tools-for-stm32.14.3.rel1.linux64_1.0.100.202602081740/tools/bin/../lib/gcc/arm-none-eabi/14.3.1/../../../../arm-none-eabi/lib/thumb/v7e-m/nofp/libc_nano.a(libc_a-lseekr.o)
 .debug_frame   0x00000e50       0x2c /home/brianmoser/st/stm32cubeide_2.1.1/plugins/com.st.stm32cube.ide.mcu.externaltools.gnu-tools-for-stm32.14.3.rel1.linux64_1.0.100.202602081740/tools/bin/../lib/gcc/arm-none-eabi/14.3.1/../../../../arm-none-eabi/lib/thumb/v7e-m/nofp/libc_nano.a(libc_a-readr.o)
 .debug_frame   0x00000e7c       0x2c /home/brianmoser/st/stm32cubeide_2.1.1/plugins/com.st.stm32cube.ide.mcu.externaltools.gnu-tools-for-stm32.14.3.rel1.linux64_1.0.100.202602081740/tools/bin/../lib/gcc/arm-none-eabi/14.3.1/../../../../arm-none-eabi/lib/thumb/v7e-m/nofp/libc_nano.a(libc_a-writer.o)
 .debug_frame   0x00000ea8       0x20 /home/brianmoser/st/stm32cubeide_2.1.1/plugins/com.st.stm32cube.ide.mcu.externaltools.gnu-tools-for-stm32.14.3.rel1.linux64_1.0.100.202602081740/tools/bin/../lib/gcc/arm-none-eabi/14.3.1/../../../../arm-none-eabi/lib/thumb/v7e-m/nofp/libc_nano.a(libc_a-errno.o)
 .debug_frame   0x00000ec8       0x2c /home/brianmoser/st/stm32cubeide_2.1.1/plugins/com.st.stm32cube.ide.mcu.externaltools.gnu-tools-for-stm32.14.3.rel1.linux64_1.0.100.202602081740/tools/bin/../lib/gcc/arm-none-eabi/14.3.1/../../../../arm-none-eabi/lib/thumb/v7e-m/nofp/libc_nano.a(libc_a-init.o)
 .debug_frame   0x00000ef4       0xb0 /home/brianmoser/st/stm32cubeide_2.1.1/plugins/com.st.stm32cube.ide.mcu.externaltools.gnu-tools-for-stm32.14.3.rel1.linux64_1.0.100.202602081740/tools/bin/../lib/gcc/arm-none-eabi/14.3.1/../../../../arm-none-eabi/lib/thumb/v7e-m/nofp/libc_nano.a(libc_a-lock.o)
 .debug_frame   0x00000fa4       0x38 /home/brianmoser/st/stm32cubeide_2.1.1/plugins/com.st.stm32cube.ide.mcu.externaltools.gnu-tools-for-stm32.14.3.rel1.linux64_1.0.100.202602081740/tools/bin/../lib/gcc/arm-none-eabi/14.3.1/../../../../arm-none-eabi/lib/thumb/v7e-m/nofp/libc_nano.a(libc_a-freer.o)
 .debug_frame   0x00000fdc       0x50 /home/brianmoser/st/stm32cubeide_2.1.1/plugins/com.st.stm32cube.ide.mcu.externaltools.gnu-tools-for-stm32.14.3.rel1.linux64_1.0.100.202602081740/tools/bin/../lib/gcc/arm-none-eabi/14.3.1/../../../../arm-none-eabi/lib/thumb/v7e-m/nofp/libc_nano.a(libc_a-mallocr.o)
 .debug_frame   0x0000102c       0x30 /home/brianmoser/st/stm32cubeide_2.1.1/plugins/com.st.stm32cube.ide.mcu.externaltools.gnu-tools-for-stm32.14.3.rel1.linux64_1.0.100.202602081740/tools/bin/../lib/gcc/arm-none-eabi/14.3.1/../../../../arm-none-eabi/lib/thumb/v7e-m/nofp/libc_nano.a(libc_a-mlock.o)
 .debug_frame   0x0000105c       0x5c /home/brianmoser/st/stm32cubeide_2.1.1/plugins/com.st.stm32cube.ide.mcu.externaltools.gnu-tools-for-stm32.14.3.rel1.linux64_1.0.100.202602081740/tools/bin/../lib/gcc/arm-none-eabi/14.3.1/../../../../arm-none-eabi/lib/thumb/v7e-m/nofp/libc_nano.a(libc_a-fflush.o)
 .debug_frame   0x000010b8       0x58 /home/brianmoser/st/stm32cubeide_2.1.1/plugins/com.st.stm32cube.ide.mcu.externaltools.gnu-tools-for-stm32.14.3.rel1.linux64_1.0.100.202602081740/tools/bin/../lib/gcc/arm-none-eabi/14.3.1/../../../../arm-none-eabi/lib/thumb/v7e-m/nofp/libc_nano.a(libc_a-makebuf.o)
 .debug_frame   0x00001110       0x2c /home/brianmoser/st/stm32cubeide_2.1.1/plugins/com.st.stm32cube.ide.mcu.externaltools.gnu-tools-for-stm32.14.3.rel1.linux64_1.0.100.202602081740/tools/bin/../lib/gcc/arm-none-eabi/14.3.1/../../../../arm-none-eabi/lib/thumb/v7e-m/nofp/libc_nano.a(libc_a-fstatr.o)
 .debug_frame   0x0000113c       0x2c /home/brianmoser/st/stm32cubeide_2.1.1/plugins/com.st.stm32cube.ide.mcu.externaltools.gnu-tools-for-stm32.14.3.rel1.linux64_1.0.100.202602081740/tools/bin/../lib/gcc/arm-none-eabi/14.3.1/../../../../arm-none-eabi/lib/thumb/v7e-m/nofp/libc_nano.a(libc_a-isattyr.o)
 .debug_frame   0x00001168       0x2c /home/brianmoser/st/stm32cubeide_2.1.1/plugins/com.st.stm32cube.ide.mcu.externaltools.gnu-tools-for-stm32.14.3.rel1.linux64_1.0.100.202602081740/tools/bin/../lib/gcc/arm-none-eabi/14.3.1/../../../../arm-none-eabi/lib/thumb/v7e-m/nofp/libc_nano.a(libc_a-sbrkr.o)

.debug_line_str
                0x00000000       0x57
 .debug_line_str
                0x00000000       0x57 ./Startup/startup_stm32f407vgtx.o
